// Vitest Snapshot v1, https://vitest.dev/guide/snapshot.html

exports[`integration tests - dprint complex TOML > format/dprint (complex toml) > invalid > Invalid #0: [section]
key="value"   1`] = `
"[section]
key = "value"
"
`;

exports[`integration tests - dprint markdown custom > format/dprint (markdown custom) > invalid > Invalid #0: #Header 1`] = `
"#Header
"
`;

exports[`integration tests - prettier complex CSS > format/prettier (complex css) > invalid > Invalid #0: .btn{padding:10px;margin:5px;} 1`] = `
".btn {
  padding: 10px;
  margin: 5px;
}
"
`;

exports[`integration tests - prettier tabWidth > format/prettier (tab width) > invalid > Invalid #0: .foo{padding:10px;} 1`] = `
".foo {
    padding: 10px;
}
"
`;

exports[`integration tests - trailing whitespace > format/prettier (trailing whitespace) > invalid > Invalid #0: const x = 1;  
 1`] = `
"const x = 1;
"
`;
